V3 3
FL "D:/saurav/elecbits original/Xilinx/indiv program/fsm_mealy/fsm_mealy_mod.vhd" 2017/04/05.00:41:19 J.36
EN work/fsm_mealy_mod 1491334245 \
      FL "D:/saurav/elecbits original/Xilinx/indiv program/fsm_mealy/fsm_mealy_mod.vhd" \
      PB ieee/std_logic_1164 1177545575 PB ieee/std_logic_arith 1177545576 \
      PB ieee/STD_LOGIC_UNSIGNED 1177545583
AR work/fsm_mealy_mod/Behavioral 1491334246 \
      FL "D:/saurav/elecbits original/Xilinx/indiv program/fsm_mealy/fsm_mealy_mod.vhd" \
      EN work/fsm_mealy_mod 1491334245
