MO fsm_testbench_waveform NULL "D:/saurav/elecbits original/Xilinx/indiv program/fsm_mealy/fsm_testbench_waveform.tfw" vlg5F/fsm__testbench__waveform.bin 1491334259
EN fsm_mealy_mod NULL "D:/saurav/elecbits original/Xilinx/indiv program/fsm_mealy/fsm_mealy_mod.vhd" sub00/vhpl00 1491333394
EN fsm_test_bench_vhd NULL "D:/saurav/elecbits original/Xilinx/indiv program/fsm_mealy/fsm_test_bench.vhd" sub00/vhpl02 1491333500
AR fsm_mealy_mod behavioral "D:/saurav/elecbits original/Xilinx/indiv program/fsm_mealy/fsm_mealy_mod.vhd" sub00/vhpl01 1491333395
MO glbl NULL C:/Xilinx92i/verilog/src/glbl.v vlg2D/glbl.bin 1491334260
AR fsm_test_bench_vhd behavior "D:/saurav/elecbits original/Xilinx/indiv program/fsm_mealy/fsm_test_bench.vhd" sub00/vhpl03 1491333501
