EN fsm_mealy_mod NULL "D:/saurav/elecbits original/Xilinx/indiv program/fsm_mealy/fsm_mealy_mod.vhd" sub00/vhpl00 1491333852
EN fsm_test_bench_vhd NULL "D:/saurav/elecbits original/Xilinx/indiv program/fsm_mealy/fsm_test_bench.vhd" sub00/vhpl02 1491333854
AR fsm_mealy_mod behavioral "D:/saurav/elecbits original/Xilinx/indiv program/fsm_mealy/fsm_mealy_mod.vhd" sub00/vhpl01 1491333853
AR fsm_test_bench_vhd behavior "D:/saurav/elecbits original/Xilinx/indiv program/fsm_mealy/fsm_test_bench.vhd" sub00/vhpl03 1491333855
